// Jest Snapshot v1, https://goo.gl/fbAQLP

exports[`<Node /> should match snapshot 1`] = `
<div
  className="MuiPaper-root MuiAccordion-root makeStyles-root-1 Mui-expanded MuiAccordion-rounded MuiPaper-elevation3 MuiPaper-rounded"
>
  <div
    aria-disabled={false}
    aria-expanded={true}
    className="MuiButtonBase-root MuiAccordionSummary-root makeStyles-summary-2 Mui-expanded"
    onBlur={[Function]}
    onClick={[Function]}
    onDragLeave={[Function]}
    onFocus={[Function]}
    onKeyDown={[Function]}
    onKeyUp={[Function]}
    onMouseDown={[Function]}
    onMouseLeave={[Function]}
    onMouseUp={[Function]}
    onTouchEnd={[Function]}
    onTouchMove={[Function]}
    onTouchStart={[Function]}
    role="button"
    tabIndex={0}
  >
    <div
      className="MuiAccordionSummary-content makeStyles-content-5 Mui-expanded"
    >
      <div
        className="MuiBox-root MuiBox-root-24 makeStyles-summaryContent-3"
      >
        <div
          className="MuiBox-root MuiBox-root-25"
        >
          <h5
            className="MuiTypography-root makeStyles-heading-6 MuiTypography-h5"
          >
            Unknown
          </h5>
          <h6
            className="MuiTypography-root makeStyles-secondaryHeading-7 MuiTypography-subtitle1"
          >
            https://thawing-springs-53971.herokuapp.com
          </h6>
        </div>
        <div
          className="MuiBox-root MuiBox-root-28"
        >
          <span
            className="makeStyles-dot-11 makeStyles-dot-26"
          />
          <span
            className="MuiTypography-root makeStyles-text-12 makeStyles-text-27 MuiTypography-body1"
          >
            ONLINE
          </span>
        </div>
      </div>
    </div>
    <div
      aria-disabled={false}
      aria-hidden={true}
      className="MuiButtonBase-root MuiIconButton-root MuiAccordionSummary-expandIcon makeStyles-icon-4 Mui-expanded MuiIconButton-edgeEnd"
      onBlur={[Function]}
      onDragLeave={[Function]}
      onFocus={[Function]}
      onKeyDown={[Function]}
      onKeyUp={[Function]}
      onMouseDown={[Function]}
      onMouseLeave={[Function]}
      onMouseUp={[Function]}
      onTouchEnd={[Function]}
      onTouchMove={[Function]}
      onTouchStart={[Function]}
      role={null}
      tabIndex={null}
    >
      <span
        className="MuiIconButton-label"
      >
        <svg
          aria-hidden={true}
          className="MuiSvgIcon-root"
          focusable="false"
          viewBox="0 0 24 24"
        >
          <path
            d="M16.59 8.59L12 13.17 7.41 8.59 6 10l6 6 6-6z"
          />
        </svg>
      </span>
    </div>
  </div>
  <div
    className="MuiCollapse-root MuiCollapse-entered"
    style={
      Object {
        "minHeight": "0px",
      }
    }
  >
    <div
      className="MuiCollapse-wrapper"
    >
      <div
        className="MuiCollapse-wrapperInner"
      >
        <div
          role="region"
        >
          <div
            className="MuiAccordionDetails-root makeStyles-details-8"
          >
            <div
              className="MuiBox-root MuiBox-root-29 makeStyles-blockWrapper-16"
            >
              <div
                className="MuiBox-root MuiBox-root-30 makeStyles-blockContainer-20"
              >
                <p
                  className="MuiTypography-root makeStyles-blockTitle-21 MuiTypography-body1"
                >
                  005
                </p>
                <p
                  className="MuiTypography-root makeStyles-blockDescription-22 MuiTypography-body1"
                >
                  The Human
                </p>
              </div>
            </div>
          </div>
        </div>
      </div>
    </div>
  </div>
</div>
`;
